   PID STATUS   INFO
  5396 IDLE     9.0.0

Only Daemons for the current Gradle version are displayed. For more on this, please refer to https://docs.gradle.org/9.0.0/userguide/gradle_daemon.html#sec:status in the Gradle documentation.
