Configuration on demand is an incubating feature.

> Configure project :app
ksp-2.2.10-2.0.2 is too old for kotlin-2.2.21. Please upgrade ksp or downgrade kotlin-gradle-plugin to 2.2.10.
ksp-2.2.10-2.0.2 is too old for kotlin-2.2.21. Please upgrade ksp or downgrade kotlin-gradle-plugin to 2.2.10.
ksp-2.2.10-2.0.2 is too old for kotlin-2.2.21. Please upgrade ksp or downgrade kotlin-gradle-plugin to 2.2.10.
ksp-2.2.10-2.0.2 is too old for kotlin-2.2.21. Please upgrade ksp or downgrade kotlin-gradle-plugin to 2.2.10.
ksp-2.2.10-2.0.2 is too old for kotlin-2.2.21. Please upgrade ksp or downgrade kotlin-gradle-plugin to 2.2.10.
ksp-2.2.10-2.0.2 is too old for kotlin-2.2.21. Please upgrade ksp or downgrade kotlin-gradle-plugin to 2.2.10.
ksp-2.2.10-2.0.2 is too old for kotlin-2.2.21. Please upgrade ksp or downgrade kotlin-gradle-plugin to 2.2.10.
ksp-2.2.10-2.0.2 is too old for kotlin-2.2.21. Please upgrade ksp or downgrade kotlin-gradle-plugin to 2.2.10.
ksp-2.2.10-2.0.2 is too old for kotlin-2.2.21. Please upgrade ksp or downgrade kotlin-gradle-plugin to 2.2.10.
ksp-2.2.10-2.0.2 is too old for kotlin-2.2.21. Please upgrade ksp or downgrade kotlin-gradle-plugin to 2.2.10.

[Incubating] Problems report is available at: file:///C:/my%20all%20apps%20that%20i%20have%20built/attendance%20app/Driftly/build/reports/problems/problems-report.html
